
> gistly-site@0.1.0 build
> vite build

[36mvite v5.4.21 [32mbuilding for production...[36m[39m
transforming...
[32mΓ£ô[39m 3 modules transformed.
node.exe : [31mx[39m Build 
failed in 1.15s
At line:1 char:1
+ & "C:\Program 
Files\nodejs/node.exe" 
"C:\Program 
Files\nodejs/node_mo ...
+ ~~~~~~~~~~~~~~~~~~~~~~~~~~~
~~~~~~~~~~~~~~~~~~~~~~~~~~~~~
~~~~~~~~~~~~~
    + CategoryInfo           
   : NotSpecified: ([31mx  
  [39m Build failed in 1.1   
 5s:String) [], RemoteExc    
eption
    + FullyQualifiedErrorId  
   : NativeCommandError
 
[31merror during build:
[31m[vite-plugin-pwa:build] 
[plugin 
vite-plugin-pwa:build] 
src/App.jsx (716:34): There 
was an error during the 
build:
  Transform failed with 3 
errors:
C:/Users/Home PC/Desktop/gist
ly.site/src/App.jsx:716:34: 
ERROR: Unexpected closing 
"motion.div" tag does not 
match opening "div" tag
C:/Users/Home PC/Desktop/gist
ly.site/src/App.jsx:718:26: 
ERROR: Unexpected closing 
"div" tag does not match 
opening "motion.div" tag
C:/Users/Home PC/Desktop/gist
ly.site/src/App.jsx:720:29: 
ERROR: Expected ")" but 
found "className"
Additionally, handling the 
error in the 'buildEnd' hook 
caused the following error:
  Transform failed with 3 
errors:
C:/Users/Home PC/Desktop/gist
ly.site/src/App.jsx:716:34: 
ERROR: Unexpected closing 
"motion.div" tag does not 
match opening "div" tag
C:/Users/Home PC/Desktop/gist
ly.site/src/App.jsx:718:26: 
ERROR: Unexpected closing 
"div" tag does not match 
opening "motion.div" tag
C:/Users/Home PC/Desktop/gist
ly.site/src/App.jsx:720:29: 
ERROR: Expected ")" but 
found "className"[31m
file: [36mC:/Users/Home PC/D
esktop/gistly.site/src/App.js
x:716:34[31m
[33m
[33mUnexpected closing 
"motion.div" tag does not 
match opening "div" tag[33m
714|                         
                     
{isLoading && plan.price === 
"$19" ? "Connecting..." : 
plan.button}
715|                         
                 </button>
716|                         
         </motion.div>
   |                         
           ^
717|                         
     ))}
718|                         
 </div>

[33mUnexpected closing 
"div" tag does not match 
opening "motion.div" tag[33m
716|                         
         </motion.div>
717|                         
     ))}
718|                         
 </div>
   |                         
   ^
719|  
720|                         
 <div className="mt-12 
text-center text-xs 
text-zinc-600 font-mono 
uppercase tracking-[0.2em] 
opacity-50">

[33mExpected ")" but found 
"className"[33m
718|                         
 </div>
719|  
720|                         
 <div className="mt-12 
text-center text-xs 
text-zinc-600 font-mono 
uppercase tracking-[0.2em] 
opacity-50">
   |                         
      ^
721|                         
     Secure Encrypted 
Transactions ΓÇó Global 
Intelligence Access
722|                         
 </div>
[31m
    at getRollupError (file:/
//C:/Users/Home%20PC/Desktop/
gistly.site/node_modules/roll
up/dist/es/shared/parseAst.js
:402:41)
    at file:///C:/Users/Home%
20PC/Desktop/gistly.site/node
_modules/rollup/dist/es/share
d/node-entry.js:23467:39
    at process.processTicksAn
dRejections (node:internal/pr
ocess/task_queues:103:5)
    at async 
catchUnfinishedHookActions (f
ile:///C:/Users/Home%20PC/Des
ktop/gistly.site/node_modules
/rollup/dist/es/shared/node-e
ntry.js:22925:16)
    at async rollupInternal (
file:///C:/Users/Home%20PC/De
sktop/gistly.site/node_module
s/rollup/dist/es/shared/node-
entry.js:23450:5)
    at async build (file:///C
:/Users/Home%20PC/Desktop/gis
tly.site/node_modules/vite/di
st/node/chunks/dep-BK3b2jBa.j
s:65709:14)
    at async CAC.<anonymous> 
(file:///C:/Users/Home%20PC/D
esktop/gistly.site/node_modul
es/vite/dist/node/cli.js:829:
5)[39m
